2026-08-25 10:29:35,669 [INFO] ============================================================
2026-08-25 10:29:35,669 [INFO] SENTINEL — Satellite Anomaly Detection Training (REVISED PIPELINE)
2026-08-25 10:29:35,669 [INFO] ============================================================
2026-08-25 10:29:35,669 [INFO] Loading feature dataset: /Users/meetshah1004/Desktop/Meet/Banglore_Space/Aero_Astra/backend/data/raw/opssat/dataset.csv
2026-08-25 10:29:35,682 [INFO]   Shape: (2123, 23)
2026-08-25 10:29:35,682 [INFO] Loading raw segments: /Users/meetshah1004/Desktop/Meet/Banglore_Space/Aero_Astra/backend/data/raw/opssat/segments.csv
2026-08-25 10:29:35,784 [INFO]   Shape: (303493, 8)
2026-08-25 10:29:35,784 [INFO] ------------------------------------------------------------
2026-08-25 10:29:35,784 [INFO] PREPROCESSING (Features)
2026-08-25 10:29:35,784 [INFO] ------------------------------------------------------------
2026-08-25 10:29:35,789 [INFO] Calculated True Contamination in Training Data: 0.1991
2026-08-25 10:29:35,789 [INFO] ------------------------------------------------------------
2026-08-25 10:29:35,789 [INFO] TRAINING: Isolation Forest
2026-08-25 10:29:35,789 [INFO] ------------------------------------------------------------
2026-08-25 10:29:35,789 [INFO]   n_estimators=200, contamination=0.1991
2026-08-25 10:29:35,914 [INFO]   [OK] Saved Isolation Forest
2026-08-25 10:29:35,914 [INFO] ------------------------------------------------------------
2026-08-25 10:29:35,914 [INFO] TRAINING: One-Class SVM (BASELINE ONLY)
2026-08-25 10:29:35,914 [INFO] ------------------------------------------------------------
2026-08-25 10:29:35,922 [INFO]   [OK] One-Class SVM trained (Will not be saved to prod)
2026-08-25 10:29:35,922 [INFO] Preparing LSTM dataset from raw segments...
2026-08-25 10:29:36,117 [INFO] ------------------------------------------------------------
2026-08-25 10:29:36,117 [INFO] TRAINING: LSTM Forecaster
2026-08-25 10:29:36,117 [INFO] ------------------------------------------------------------
2026-08-25 10:29:40,484 [INFO]   Epoch 1/5 | Loss: 0.004129
2026-08-25 10:29:41,682 [INFO]   Epoch 2/5 | Loss: 0.000254
2026-08-25 10:29:42,891 [INFO]   Epoch 3/5 | Loss: 0.000149
2026-08-25 10:29:44,121 [INFO]   Epoch 4/5 | Loss: 0.000078
2026-08-25 10:29:45,338 [INFO]   Epoch 5/5 | Loss: 0.000063
2026-08-25 10:29:45,345 [INFO]   [OK] Saved LSTM Forecaster
2026-08-25 10:29:45,345 [INFO] Scoring segments with LSTM & Nonparametric Dynamic Thresholding...
2026-08-25 10:29:47,404 [INFO] 
============================================================
2026-08-25 10:29:47,404 [INFO] EVALUATION: One-Class SVM (Baseline)
2026-08-25 10:29:47,404 [INFO] ============================================================
2026-08-25 10:29:47,406 [INFO]   Precision : 0.4203
2026-08-25 10:29:47,406 [INFO]   Recall    : 0.5133
2026-08-25 10:29:47,406 [INFO]   F1 Score  : 0.4622
2026-08-25 10:29:47,406 [INFO] 
--- Building Weighted SENTINEL Ensemble (IF + LSTM) ---
2026-08-25 10:29:47,571 [INFO]   Grid Search Best: w_if=1.00, w_lstm=0.00, threshold=0.34 -> F1=0.4663
2026-08-25 10:29:47,580 [INFO] 
============================================================
2026-08-25 10:29:47,580 [INFO] EVALUATION: Isolation Forest
2026-08-25 10:29:47,580 [INFO] ============================================================
2026-08-25 10:29:47,581 [INFO]   Precision : 0.4041
2026-08-25 10:29:47,581 [INFO]   Recall    : 0.5221
2026-08-25 10:29:47,581 [INFO]   F1 Score  : 0.4556
2026-08-25 10:29:47,581 [INFO] 
============================================================
2026-08-25 10:29:47,581 [INFO] EVALUATION: LSTM Forecaster (Standalone proxy)
2026-08-25 10:29:47,581 [INFO] ============================================================
2026-08-25 10:29:47,583 [INFO]   Precision : 0.2979
2026-08-25 10:29:47,583 [INFO]   Recall    : 0.1239
2026-08-25 10:29:47,583 [INFO]   F1 Score  : 0.1750
2026-08-25 10:29:47,583 [INFO] 
============================================================
2026-08-25 10:29:47,583 [INFO] EVALUATION: SENTINEL Ensemble (FINAL)
2026-08-25 10:29:47,583 [INFO] ============================================================
2026-08-25 10:29:47,584 [INFO]   Precision : 0.4041
2026-08-25 10:29:47,584 [INFO]   Recall    : 0.5221
2026-08-25 10:29:47,584 [INFO]   F1 Score  : 0.4556
2026-08-25 10:29:47,585 [INFO]   ROC-AUC   : 0.7253
2026-08-25 10:29:47,586 [INFO] 
Saved evaluation metrics to: /Users/meetshah1004/Desktop/Meet/Banglore_Space/Aero_Astra/backend/results/sentinel_eval.json
2026-08-25 10:29:47,586 [INFO] 
============================================================
2026-08-25 10:29:47,586 [INFO] SENTINEL REVISION COMPLETE
2026-08-25 10:29:47,586 [INFO] ============================================================
2026-08-25 10:29:47,586 [INFO]   OCSVM Baseline F1   : 0.4622
2026-08-25 10:29:47,586 [INFO]   Isolation Forest F1 : 0.4556
2026-08-25 10:29:47,586 [INFO]   LSTM Standalone F1  : 0.1750
2026-08-25 10:29:47,586 [INFO]   SENTINEL Ensemble F1: 0.4556  <-- FINAL
2026-08-25 10:29:47,586 [INFO] ============================================================
